
==========================================================================
detailed place report_tns
--------------------------------------------------------------------------
tns max 0.00

==========================================================================
detailed place report_wns
--------------------------------------------------------------------------
wns max 0.00

==========================================================================
detailed place report_worst_slack
--------------------------------------------------------------------------
worst slack max 1.15

==========================================================================
detailed place report_clock_min_period
--------------------------------------------------------------------------
clk period_min = 8.85 fmax = 113.02

==========================================================================
detailed place report_checks -path_delay min
--------------------------------------------------------------------------
Startpoint: rst (input port clocked by clk)
Endpoint: C32[18]$_SDFF_PP0_ (rising edge-triggered flip-flop clocked by clk)
Path Group: clk
Path Type: min

Fanout     Cap    Slew   Delay    Time   Description
-----------------------------------------------------------------------------
                  0.00    0.00    0.00   clock clk (rise edge)
                          0.00    0.00   clock network delay (ideal)
                          1.00    1.00 v input external delay
     1    0.01    0.00    0.00    1.00 v rst (in)
                                         rst (net)
                  0.00    0.00    1.00 v input273/A (sky130_fd_sc_hd__buf_8)
    46    0.26    0.18    0.20    1.20 v input273/X (sky130_fd_sc_hd__buf_8)
                                         net272 (net)
                  0.18    0.02    1.22 v _23932_/A (sky130_fd_sc_hd__nor2_1)
     1    0.00    0.07    0.14    1.36 ^ _23932_/Y (sky130_fd_sc_hd__nor2_1)
                                         _04965_ (net)
                  0.07    0.00    1.36 ^ C32[18]$_SDFF_PP0_/D (sky130_fd_sc_hd__dfxtp_1)
                                  1.36   data arrival time

                  0.00    0.00    0.00   clock clk (rise edge)
                          0.00    0.00   clock network delay (ideal)
                          0.00    0.00   clock reconvergence pessimism
                                  0.00 ^ C32[18]$_SDFF_PP0_/CLK (sky130_fd_sc_hd__dfxtp_1)
                         -0.04   -0.04   library hold time
                                 -0.04   data required time
-----------------------------------------------------------------------------
                                 -0.04   data required time
                                 -1.36   data arrival time
-----------------------------------------------------------------------------
                                  1.40   slack (MET)



==========================================================================
detailed place report_checks -path_delay max
--------------------------------------------------------------------------
Startpoint: A33[7] (input port clocked by clk)
Endpoint: C32[17]$_SDFF_PP0_ (rising edge-triggered flip-flop clocked by clk)
Path Group: clk
Path Type: max

Fanout     Cap    Slew   Delay    Time   Description
-----------------------------------------------------------------------------
                  0.00    0.00    0.00   clock clk (rise edge)
                          0.00    0.00   clock network delay (ideal)
                          1.00    1.00 ^ input external delay
     1    0.00    0.00    0.00    1.00 ^ A33[7] (in)
                                         A33[7] (net)
                  0.00    0.00    1.00 ^ input144/A (sky130_fd_sc_hd__clkdlybuf4s50_1)
    11    0.10    0.95    1.08    2.08 ^ input144/X (sky130_fd_sc_hd__clkdlybuf4s50_1)
                                         net143 (net)
                  0.95    0.02    2.11 ^ place1199/A (sky130_fd_sc_hd__buf_4)
    22    0.12    0.33    0.46    2.56 ^ place1199/X (sky130_fd_sc_hd__buf_4)
                                         net1198 (net)
                  0.33    0.02    2.58 ^ _19997_/A (sky130_fd_sc_hd__and2_1)
     1    0.01    0.09    0.21    2.79 ^ _19997_/X (sky130_fd_sc_hd__and2_1)
                                         _02002_ (net)
                  0.09    0.00    2.79 ^ _26587_/A (sky130_fd_sc_hd__fa_1)
     1    0.01    0.12    0.45    3.24 v _26587_/SUM (sky130_fd_sc_hd__fa_1)
                                         _09971_ (net)
                  0.12    0.00    3.24 v _25020_/A (sky130_fd_sc_hd__fa_1)
     1    0.01    0.10    0.53    3.78 v _25020_/SUM (sky130_fd_sc_hd__fa_1)
                                         _09621_ (net)
                  0.10    0.00    3.78 v _24895_/A (sky130_fd_sc_hd__fa_1)
     1    0.01    0.10    0.52    4.30 v _24895_/SUM (sky130_fd_sc_hd__fa_1)
                                         _09283_ (net)
                  0.10    0.00    4.30 v _24783_/A (sky130_fd_sc_hd__fa_1)
     1    0.01    0.10    0.52    4.82 v _24783_/SUM (sky130_fd_sc_hd__fa_1)
                                         _08664_ (net)
                  0.10    0.00    4.82 v _24572_/A (sky130_fd_sc_hd__fa_1)
     1    0.01    0.10    0.59    5.41 ^ _24572_/SUM (sky130_fd_sc_hd__fa_1)
                                         _08415_ (net)
                  0.10    0.00    5.41 ^ _24491_/B (sky130_fd_sc_hd__fa_1)
     1    0.01    0.10    0.46    5.86 v _24491_/SUM (sky130_fd_sc_hd__fa_1)
                                         _08418_ (net)
                  0.10    0.00    5.86 v _24555_/B (sky130_fd_sc_hd__fa_1)
     1    0.01    0.11    0.57    6.43 ^ _24555_/SUM (sky130_fd_sc_hd__fa_1)
                                         _08617_ (net)
                  0.11    0.00    6.43 ^ _27159_/B (sky130_fd_sc_hd__fa_1)
     1    0.00    0.08    0.43    6.86 v _27159_/SUM (sky130_fd_sc_hd__fa_1)
                                         _15629_ (net)
                  0.08    0.00    6.86 v _28364_/A (sky130_fd_sc_hd__ha_1)
     4    0.02    0.12    0.38    7.24 v _28364_/SUM (sky130_fd_sc_hd__ha_1)
                                         _03419_ (net)
                  0.12    0.00    7.24 v _22974_/A1 (sky130_fd_sc_hd__a2111oi_4)
     2    0.00    0.25    0.31    7.56 ^ _22974_/Y (sky130_fd_sc_hd__a2111oi_4)
                                         _05307_ (net)
                  0.25    0.00    7.56 ^ _22975_/B1 (sky130_fd_sc_hd__o21ai_0)
     2    0.01    0.17    0.22    7.78 v _22975_/Y (sky130_fd_sc_hd__o21ai_0)
                                         _05308_ (net)
                  0.17    0.00    7.78 v _22976_/A2 (sky130_fd_sc_hd__a21oi_1)
     3    0.01    0.31    0.34    8.11 ^ _22976_/Y (sky130_fd_sc_hd__a21oi_1)
                                         _05309_ (net)
                  0.31    0.00    8.11 ^ _22980_/B1 (sky130_fd_sc_hd__o221ai_1)
     1    0.00    0.11    0.18    8.29 v _22980_/Y (sky130_fd_sc_hd__o221ai_1)
                                         _05313_ (net)
                  0.11    0.00    8.29 v _22981_/A2 (sky130_fd_sc_hd__a21oi_1)
     1    0.01    0.14    0.19    8.49 ^ _22981_/Y (sky130_fd_sc_hd__a21oi_1)
                                         _05314_ (net)
                  0.14    0.00    8.49 ^ _22982_/B (sky130_fd_sc_hd__xor2_1)
     1    0.00    0.13    0.17    8.66 ^ _22982_/X (sky130_fd_sc_hd__xor2_1)
                                         _05315_ (net)
                  0.13    0.00    8.66 ^ _22983_/B (sky130_fd_sc_hd__nor2_1)
     1    0.00    0.08    0.05    8.71 v _22983_/Y (sky130_fd_sc_hd__nor2_1)
                                         _04762_ (net)
                  0.08    0.00    8.71 v C32[17]$_SDFF_PP0_/D (sky130_fd_sc_hd__dfxtp_1)
                                  8.71   data arrival time

                  0.00   10.00   10.00   clock clk (rise edge)
                          0.00   10.00   clock network delay (ideal)
                          0.00   10.00   clock reconvergence pessimism
                                 10.00 ^ C32[17]$_SDFF_PP0_/CLK (sky130_fd_sc_hd__dfxtp_1)
                         -0.14    9.86   library setup time
                                  9.86   data required time
-----------------------------------------------------------------------------
                                  9.86   data required time
                                 -8.71   data arrival time
-----------------------------------------------------------------------------
                                  1.15   slack (MET)



==========================================================================
detailed place report_checks -unconstrained
--------------------------------------------------------------------------
Startpoint: A33[7] (input port clocked by clk)
Endpoint: C32[17]$_SDFF_PP0_ (rising edge-triggered flip-flop clocked by clk)
Path Group: clk
Path Type: max

Fanout     Cap    Slew   Delay    Time   Description
-----------------------------------------------------------------------------
                  0.00    0.00    0.00   clock clk (rise edge)
                          0.00    0.00   clock network delay (ideal)
                          1.00    1.00 ^ input external delay
     1    0.00    0.00    0.00    1.00 ^ A33[7] (in)
                                         A33[7] (net)
                  0.00    0.00    1.00 ^ input144/A (sky130_fd_sc_hd__clkdlybuf4s50_1)
    11    0.10    0.95    1.08    2.08 ^ input144/X (sky130_fd_sc_hd__clkdlybuf4s50_1)
                                         net143 (net)
                  0.95    0.02    2.11 ^ place1199/A (sky130_fd_sc_hd__buf_4)
    22    0.12    0.33    0.46    2.56 ^ place1199/X (sky130_fd_sc_hd__buf_4)
                                         net1198 (net)
                  0.33    0.02    2.58 ^ _19997_/A (sky130_fd_sc_hd__and2_1)
     1    0.01    0.09    0.21    2.79 ^ _19997_/X (sky130_fd_sc_hd__and2_1)
                                         _02002_ (net)
                  0.09    0.00    2.79 ^ _26587_/A (sky130_fd_sc_hd__fa_1)
     1    0.01    0.12    0.45    3.24 v _26587_/SUM (sky130_fd_sc_hd__fa_1)
                                         _09971_ (net)
                  0.12    0.00    3.24 v _25020_/A (sky130_fd_sc_hd__fa_1)
     1    0.01    0.10    0.53    3.78 v _25020_/SUM (sky130_fd_sc_hd__fa_1)
                                         _09621_ (net)
                  0.10    0.00    3.78 v _24895_/A (sky130_fd_sc_hd__fa_1)
     1    0.01    0.10    0.52    4.30 v _24895_/SUM (sky130_fd_sc_hd__fa_1)
                                         _09283_ (net)
                  0.10    0.00    4.30 v _24783_/A (sky130_fd_sc_hd__fa_1)
     1    0.01    0.10    0.52    4.82 v _24783_/SUM (sky130_fd_sc_hd__fa_1)
                                         _08664_ (net)
                  0.10    0.00    4.82 v _24572_/A (sky130_fd_sc_hd__fa_1)
     1    0.01    0.10    0.59    5.41 ^ _24572_/SUM (sky130_fd_sc_hd__fa_1)
                                         _08415_ (net)
                  0.10    0.00    5.41 ^ _24491_/B (sky130_fd_sc_hd__fa_1)
     1    0.01    0.10    0.46    5.86 v _24491_/SUM (sky130_fd_sc_hd__fa_1)
                                         _08418_ (net)
                  0.10    0.00    5.86 v _24555_/B (sky130_fd_sc_hd__fa_1)
     1    0.01    0.11    0.57    6.43 ^ _24555_/SUM (sky130_fd_sc_hd__fa_1)
                                         _08617_ (net)
                  0.11    0.00    6.43 ^ _27159_/B (sky130_fd_sc_hd__fa_1)
     1    0.00    0.08    0.43    6.86 v _27159_/SUM (sky130_fd_sc_hd__fa_1)
                                         _15629_ (net)
                  0.08    0.00    6.86 v _28364_/A (sky130_fd_sc_hd__ha_1)
     4    0.02    0.12    0.38    7.24 v _28364_/SUM (sky130_fd_sc_hd__ha_1)
                                         _03419_ (net)
                  0.12    0.00    7.24 v _22974_/A1 (sky130_fd_sc_hd__a2111oi_4)
     2    0.00    0.25    0.31    7.56 ^ _22974_/Y (sky130_fd_sc_hd__a2111oi_4)
                                         _05307_ (net)
                  0.25    0.00    7.56 ^ _22975_/B1 (sky130_fd_sc_hd__o21ai_0)
     2    0.01    0.17    0.22    7.78 v _22975_/Y (sky130_fd_sc_hd__o21ai_0)
                                         _05308_ (net)
                  0.17    0.00    7.78 v _22976_/A2 (sky130_fd_sc_hd__a21oi_1)
     3    0.01    0.31    0.34    8.11 ^ _22976_/Y (sky130_fd_sc_hd__a21oi_1)
                                         _05309_ (net)
                  0.31    0.00    8.11 ^ _22980_/B1 (sky130_fd_sc_hd__o221ai_1)
     1    0.00    0.11    0.18    8.29 v _22980_/Y (sky130_fd_sc_hd__o221ai_1)
                                         _05313_ (net)
                  0.11    0.00    8.29 v _22981_/A2 (sky130_fd_sc_hd__a21oi_1)
     1    0.01    0.14    0.19    8.49 ^ _22981_/Y (sky130_fd_sc_hd__a21oi_1)
                                         _05314_ (net)
                  0.14    0.00    8.49 ^ _22982_/B (sky130_fd_sc_hd__xor2_1)
     1    0.00    0.13    0.17    8.66 ^ _22982_/X (sky130_fd_sc_hd__xor2_1)
                                         _05315_ (net)
                  0.13    0.00    8.66 ^ _22983_/B (sky130_fd_sc_hd__nor2_1)
     1    0.00    0.08    0.05    8.71 v _22983_/Y (sky130_fd_sc_hd__nor2_1)
                                         _04762_ (net)
                  0.08    0.00    8.71 v C32[17]$_SDFF_PP0_/D (sky130_fd_sc_hd__dfxtp_1)
                                  8.71   data arrival time

                  0.00   10.00   10.00   clock clk (rise edge)
                          0.00   10.00   clock network delay (ideal)
                          0.00   10.00   clock reconvergence pessimism
                                 10.00 ^ C32[17]$_SDFF_PP0_/CLK (sky130_fd_sc_hd__dfxtp_1)
                         -0.14    9.86   library setup time
                                  9.86   data required time
-----------------------------------------------------------------------------
                                  9.86   data required time
                                 -8.71   data arrival time
-----------------------------------------------------------------------------
                                  1.15   slack (MET)



==========================================================================
detailed place report_check_types -max_slew -max_cap -max_fanout -violators
--------------------------------------------------------------------------

==========================================================================
detailed place max_slew_check_slack
--------------------------------------------------------------------------
0.4855613708496094

==========================================================================
detailed place max_slew_check_limit
--------------------------------------------------------------------------
1.4953149557113647

==========================================================================
detailed place max_slew_check_slack_limit
--------------------------------------------------------------------------
0.3247

==========================================================================
detailed place max_fanout_check_slack
--------------------------------------------------------------------------
1.0000000150474662e+30

==========================================================================
detailed place max_fanout_check_limit
--------------------------------------------------------------------------
1.0000000150474662e+30

==========================================================================
detailed place max_capacitance_check_slack
--------------------------------------------------------------------------
0.014690614305436611

==========================================================================
detailed place max_capacitance_check_limit
--------------------------------------------------------------------------
0.021067000925540924

==========================================================================
detailed place max_capacitance_check_slack_limit
--------------------------------------------------------------------------
0.6973

==========================================================================
detailed place max_slew_violation_count
--------------------------------------------------------------------------
max slew violation count 0

==========================================================================
detailed place max_fanout_violation_count
--------------------------------------------------------------------------
max fanout violation count 0

==========================================================================
detailed place max_cap_violation_count
--------------------------------------------------------------------------
max cap violation count 0

==========================================================================
detailed place setup_violation_count
--------------------------------------------------------------------------
setup violation count 0

==========================================================================
detailed place hold_violation_count
--------------------------------------------------------------------------
hold violation count 0

==========================================================================
detailed place report_checks -path_delay max reg to reg
--------------------------------------------------------------------------
No paths found.

==========================================================================
detailed place report_checks -path_delay min reg to reg
--------------------------------------------------------------------------
No paths found.

==========================================================================
detailed place critical path target clock latency max path
--------------------------------------------------------------------------
0.0000

==========================================================================
detailed place critical path target clock latency min path
--------------------------------------------------------------------------
0.0000

==========================================================================
detailed place critical path source clock latency min path
--------------------------------------------------------------------------
0.0000

==========================================================================
detailed place critical path delay
--------------------------------------------------------------------------
8.7102

==========================================================================
detailed place critical path slack
--------------------------------------------------------------------------
1.1519

==========================================================================
detailed place slack div critical path delay
--------------------------------------------------------------------------
13.224725

==========================================================================
detailed place report_power
--------------------------------------------------------------------------
Group                  Internal  Switching    Leakage      Total
                          Power      Power      Power      Power (Watts)
----------------------------------------------------------------
Sequential             2.69e-03   2.59e-04   2.52e-09   2.95e-03   2.4%
Combinational          5.12e-02   6.74e-02   7.03e-08   1.19e-01  97.6%
Clock                  0.00e+00   0.00e+00   0.00e+00   0.00e+00   0.0%
Macro                  0.00e+00   0.00e+00   0.00e+00   0.00e+00   0.0%
Pad                    0.00e+00   0.00e+00   0.00e+00   0.00e+00   0.0%
----------------------------------------------------------------
Total                  5.39e-02   6.77e-02   7.28e-08   1.22e-01 100.0%
                          44.3%      55.7%       0.0%
