
==========================================================================
cts final report_tns
--------------------------------------------------------------------------
tns max 0.00

==========================================================================
cts final report_wns
--------------------------------------------------------------------------
wns max 0.00

==========================================================================
cts final report_worst_slack
--------------------------------------------------------------------------
worst slack max 1.98

==========================================================================
cts final report_clock_min_period
--------------------------------------------------------------------------
clk period_min = 8.02 fmax = 124.76

==========================================================================
cts final report_clock_skew
--------------------------------------------------------------------------
Clock clk
No launch/capture paths found.


==========================================================================
cts final report_checks -path_delay min
--------------------------------------------------------------------------
Startpoint: rst (input port clocked by clk)
Endpoint: C32[18]$_SDFF_PP0_ (rising edge-triggered flip-flop clocked by clk)
Path Group: clk
Path Type: min

Fanout     Cap    Slew   Delay    Time   Description
-----------------------------------------------------------------------------
                          0.00    0.00   clock clk (rise edge)
                          0.00    0.00   clock network delay (propagated)
                          1.00    1.00 v input external delay
     1    0.01    0.00    0.00    1.00 v rst (in)
                                         rst (net)
                  0.00    0.00    1.00 v input273/A (sky130_fd_sc_hd__buf_8)
    46    0.26    0.18    0.20    1.20 v input273/X (sky130_fd_sc_hd__buf_8)
                                         net272 (net)
                  0.18    0.02    1.22 v _23932_/A (sky130_fd_sc_hd__nor2_1)
     1    0.00    0.07    0.14    1.36 ^ _23932_/Y (sky130_fd_sc_hd__nor2_1)
                                         _04965_ (net)
                  0.07    0.00    1.36 ^ C32[18]$_SDFF_PP0_/D (sky130_fd_sc_hd__dfxtp_1)
                                  1.36   data arrival time

                          0.00    0.00   clock clk (rise edge)
                          0.00    0.00   clock source latency
     1    0.13    0.00    0.00    0.00 ^ clk (in)
                                         clk (net)
                  0.01    0.00    0.00 ^ clkbuf_0_clk/A (sky130_fd_sc_hd__clkbuf_16)
     4    0.20    0.21    0.24    0.24 ^ clkbuf_0_clk/X (sky130_fd_sc_hd__clkbuf_16)
                                         clknet_0_clk (net)
                  0.21    0.00    0.25 ^ clkbuf_2_1_0_clk/A (sky130_fd_sc_hd__clkbuf_16)
    12    0.29    0.30    0.37    0.62 ^ clkbuf_2_1_0_clk/X (sky130_fd_sc_hd__clkbuf_16)
                                         clknet_2_1_0_clk (net)
                  0.30    0.01    0.62 ^ clkbuf_leaf_39_clk/A (sky130_fd_sc_hd__clkbuf_16)
     6    0.03    0.05    0.21    0.84 ^ clkbuf_leaf_39_clk/X (sky130_fd_sc_hd__clkbuf_16)
                                         clknet_leaf_39_clk (net)
                  0.05    0.00    0.84 ^ C32[18]$_SDFF_PP0_/CLK (sky130_fd_sc_hd__dfxtp_1)
                          0.00    0.84   clock reconvergence pessimism
                         -0.04    0.80   library hold time
                                  0.80   data required time
-----------------------------------------------------------------------------
                                  0.80   data required time
                                 -1.36   data arrival time
-----------------------------------------------------------------------------
                                  0.56   slack (MET)



==========================================================================
cts final report_checks -path_delay max
--------------------------------------------------------------------------
Startpoint: A01[5] (input port clocked by clk)
Endpoint: C01[15]$_SDFF_PP0_ (rising edge-triggered flip-flop clocked by clk)
Path Group: clk
Path Type: max

Fanout     Cap    Slew   Delay    Time   Description
-----------------------------------------------------------------------------
                          0.00    0.00   clock clk (rise edge)
                          0.00    0.00   clock network delay (propagated)
                          1.00    1.00 v input external delay
     1    0.03    0.00    0.00    1.00 v A01[5] (in)
                                         A01[5] (net)
                  0.00    0.00    1.00 v input30/A (sky130_fd_sc_hd__clkdlybuf4s50_1)
    15    0.11    0.77    0.96    1.96 v input30/X (sky130_fd_sc_hd__clkdlybuf4s50_1)
                                         net29 (net)
                  0.77    0.01    1.97 v place980/A (sky130_fd_sc_hd__buf_4)
     7    0.03    0.07    0.43    2.40 v place980/X (sky130_fd_sc_hd__buf_4)
                                         net979 (net)
                  0.07    0.00    2.40 v place979/A (sky130_fd_sc_hd__buf_4)
    12    0.05    0.08    0.20    2.60 v place979/X (sky130_fd_sc_hd__buf_4)
                                         net978 (net)
                  0.08    0.01    2.61 v _18139_/A (sky130_fd_sc_hd__and2_1)
     1    0.01    0.05    0.17    2.77 v _18139_/X (sky130_fd_sc_hd__and2_1)
                                         _00271_ (net)
                  0.05    0.00    2.77 v _24415_/A (sky130_fd_sc_hd__fa_1)
     1    0.01    0.10    0.51    3.29 v _24415_/SUM (sky130_fd_sc_hd__fa_1)
                                         _08212_ (net)
                  0.10    0.00    3.29 v _25492_/A (sky130_fd_sc_hd__fa_1)
     1    0.01    0.10    0.59    3.87 ^ _25492_/SUM (sky130_fd_sc_hd__fa_1)
                                         _11383_ (net)
                  0.10    0.00    3.87 ^ _26964_/B (sky130_fd_sc_hd__fa_1)
     1    0.01    0.09    0.45    4.32 v _26964_/SUM (sky130_fd_sc_hd__fa_1)
                                         _13423_ (net)
                  0.09    0.00    4.32 v _26215_/B (sky130_fd_sc_hd__fa_1)
     1    0.01    0.11    0.51    4.83 v _26215_/SUM (sky130_fd_sc_hd__fa_1)
                                         _13425_ (net)
                  0.11    0.00    4.83 v _26743_/B (sky130_fd_sc_hd__fa_1)
     1    0.01    0.14    0.59    5.42 ^ _26743_/SUM (sky130_fd_sc_hd__fa_1)
                                         _14764_ (net)
                  0.14    0.00    5.42 ^ _27517_/B (sky130_fd_sc_hd__fa_1)
     1    0.01    0.10    0.47    5.89 v _27517_/SUM (sky130_fd_sc_hd__fa_1)
                                         _16146_ (net)
                  0.10    0.00    5.89 v _27602_/B (sky130_fd_sc_hd__fa_1)
     1    0.01    0.11    0.56    6.45 ^ _27602_/SUM (sky130_fd_sc_hd__fa_1)
                                         _16228_ (net)
                  0.11    0.00    6.45 ^ _27595_/B (sky130_fd_sc_hd__fa_1)
     1    0.01    0.09    0.44    6.89 v _27595_/SUM (sky130_fd_sc_hd__fa_1)
                                         _16230_ (net)
                  0.09    0.00    6.89 v _28383_/A (sky130_fd_sc_hd__ha_1)
     4    0.01    0.10    0.37    7.26 v _28383_/SUM (sky130_fd_sc_hd__ha_1)
                                         _03456_ (net)
                  0.10    0.00    7.26 v _23649_/A1 (sky130_fd_sc_hd__a21oi_1)
     4    0.01    0.26    0.26    7.52 ^ _23649_/Y (sky130_fd_sc_hd__a21oi_1)
                                         _05838_ (net)
                  0.26    0.00    7.52 ^ _23651_/B1 (sky130_fd_sc_hd__o211ai_1)
     3    0.01    0.16    0.21    7.74 v _23651_/Y (sky130_fd_sc_hd__o211ai_1)
                                         _05840_ (net)
                  0.16    0.00    7.74 v _23653_/A1 (sky130_fd_sc_hd__a2111oi_2)
     2    0.01    0.34    0.39    8.12 ^ _23653_/Y (sky130_fd_sc_hd__a2111oi_2)
                                         _05842_ (net)
                  0.34    0.00    8.12 ^ _23659_/A1 (sky130_fd_sc_hd__o31ai_1)
     2    0.01    0.11    0.17    8.29 v _23659_/Y (sky130_fd_sc_hd__o31ai_1)
                                         _05848_ (net)
                  0.11    0.00    8.29 v _23681_/A2 (sky130_fd_sc_hd__a21oi_1)
     1    0.01    0.14    0.19    8.49 ^ _23681_/Y (sky130_fd_sc_hd__a21oi_1)
                                         _05868_ (net)
                  0.14    0.00    8.49 ^ _23682_/B (sky130_fd_sc_hd__xor2_1)
     1    0.00    0.14    0.18    8.66 ^ _23682_/X (sky130_fd_sc_hd__xor2_1)
                                         _05869_ (net)
                  0.14    0.00    8.66 ^ _23683_/B (sky130_fd_sc_hd__nor2_1)
     1    0.00    0.10    0.06    8.72 v _23683_/Y (sky130_fd_sc_hd__nor2_1)
                                         _04908_ (net)
                  0.10    0.00    8.72 v C01[15]$_SDFF_PP0_/D (sky130_fd_sc_hd__dfxtp_1)
                                  8.72   data arrival time

                         10.00   10.00   clock clk (rise edge)
                          0.00   10.00   clock source latency
     1    0.13    0.00    0.00   10.00 ^ clk (in)
                                         clk (net)
                  0.01    0.00   10.00 ^ clkbuf_0_clk/A (sky130_fd_sc_hd__clkbuf_16)
     4    0.20    0.21    0.24   10.24 ^ clkbuf_0_clk/X (sky130_fd_sc_hd__clkbuf_16)
                                         clknet_0_clk (net)
                  0.21    0.00   10.25 ^ clkbuf_2_3_0_clk/A (sky130_fd_sc_hd__clkbuf_16)
    11    0.28    0.29    0.36   10.61 ^ clkbuf_2_3_0_clk/X (sky130_fd_sc_hd__clkbuf_16)
                                         clknet_2_3_0_clk (net)
                  0.29    0.01   10.62 ^ clkbuf_leaf_17_clk/A (sky130_fd_sc_hd__clkbuf_16)
    12    0.04    0.06    0.22   10.83 ^ clkbuf_leaf_17_clk/X (sky130_fd_sc_hd__clkbuf_16)
                                         clknet_leaf_17_clk (net)
                  0.06    0.00   10.83 ^ C01[15]$_SDFF_PP0_/CLK (sky130_fd_sc_hd__dfxtp_1)
                          0.00   10.83   clock reconvergence pessimism
                         -0.13   10.70   library setup time
                                 10.70   data required time
-----------------------------------------------------------------------------
                                 10.70   data required time
                                 -8.72   data arrival time
-----------------------------------------------------------------------------
                                  1.98   slack (MET)



==========================================================================
cts final report_checks -unconstrained
--------------------------------------------------------------------------
Startpoint: A01[5] (input port clocked by clk)
Endpoint: C01[15]$_SDFF_PP0_ (rising edge-triggered flip-flop clocked by clk)
Path Group: clk
Path Type: max

Fanout     Cap    Slew   Delay    Time   Description
-----------------------------------------------------------------------------
                          0.00    0.00   clock clk (rise edge)
                          0.00    0.00   clock network delay (propagated)
                          1.00    1.00 v input external delay
     1    0.03    0.00    0.00    1.00 v A01[5] (in)
                                         A01[5] (net)
                  0.00    0.00    1.00 v input30/A (sky130_fd_sc_hd__clkdlybuf4s50_1)
    15    0.11    0.77    0.96    1.96 v input30/X (sky130_fd_sc_hd__clkdlybuf4s50_1)
                                         net29 (net)
                  0.77    0.01    1.97 v place980/A (sky130_fd_sc_hd__buf_4)
     7    0.03    0.07    0.43    2.40 v place980/X (sky130_fd_sc_hd__buf_4)
                                         net979 (net)
                  0.07    0.00    2.40 v place979/A (sky130_fd_sc_hd__buf_4)
    12    0.05    0.08    0.20    2.60 v place979/X (sky130_fd_sc_hd__buf_4)
                                         net978 (net)
                  0.08    0.01    2.61 v _18139_/A (sky130_fd_sc_hd__and2_1)
     1    0.01    0.05    0.17    2.77 v _18139_/X (sky130_fd_sc_hd__and2_1)
                                         _00271_ (net)
                  0.05    0.00    2.77 v _24415_/A (sky130_fd_sc_hd__fa_1)
     1    0.01    0.10    0.51    3.29 v _24415_/SUM (sky130_fd_sc_hd__fa_1)
                                         _08212_ (net)
                  0.10    0.00    3.29 v _25492_/A (sky130_fd_sc_hd__fa_1)
     1    0.01    0.10    0.59    3.87 ^ _25492_/SUM (sky130_fd_sc_hd__fa_1)
                                         _11383_ (net)
                  0.10    0.00    3.87 ^ _26964_/B (sky130_fd_sc_hd__fa_1)
     1    0.01    0.09    0.45    4.32 v _26964_/SUM (sky130_fd_sc_hd__fa_1)
                                         _13423_ (net)
                  0.09    0.00    4.32 v _26215_/B (sky130_fd_sc_hd__fa_1)
     1    0.01    0.11    0.51    4.83 v _26215_/SUM (sky130_fd_sc_hd__fa_1)
                                         _13425_ (net)
                  0.11    0.00    4.83 v _26743_/B (sky130_fd_sc_hd__fa_1)
     1    0.01    0.14    0.59    5.42 ^ _26743_/SUM (sky130_fd_sc_hd__fa_1)
                                         _14764_ (net)
                  0.14    0.00    5.42 ^ _27517_/B (sky130_fd_sc_hd__fa_1)
     1    0.01    0.10    0.47    5.89 v _27517_/SUM (sky130_fd_sc_hd__fa_1)
                                         _16146_ (net)
                  0.10    0.00    5.89 v _27602_/B (sky130_fd_sc_hd__fa_1)
     1    0.01    0.11    0.56    6.45 ^ _27602_/SUM (sky130_fd_sc_hd__fa_1)
                                         _16228_ (net)
                  0.11    0.00    6.45 ^ _27595_/B (sky130_fd_sc_hd__fa_1)
     1    0.01    0.09    0.44    6.89 v _27595_/SUM (sky130_fd_sc_hd__fa_1)
                                         _16230_ (net)
                  0.09    0.00    6.89 v _28383_/A (sky130_fd_sc_hd__ha_1)
     4    0.01    0.10    0.37    7.26 v _28383_/SUM (sky130_fd_sc_hd__ha_1)
                                         _03456_ (net)
                  0.10    0.00    7.26 v _23649_/A1 (sky130_fd_sc_hd__a21oi_1)
     4    0.01    0.26    0.26    7.52 ^ _23649_/Y (sky130_fd_sc_hd__a21oi_1)
                                         _05838_ (net)
                  0.26    0.00    7.52 ^ _23651_/B1 (sky130_fd_sc_hd__o211ai_1)
     3    0.01    0.16    0.21    7.74 v _23651_/Y (sky130_fd_sc_hd__o211ai_1)
                                         _05840_ (net)
                  0.16    0.00    7.74 v _23653_/A1 (sky130_fd_sc_hd__a2111oi_2)
     2    0.01    0.34    0.39    8.12 ^ _23653_/Y (sky130_fd_sc_hd__a2111oi_2)
                                         _05842_ (net)
                  0.34    0.00    8.12 ^ _23659_/A1 (sky130_fd_sc_hd__o31ai_1)
     2    0.01    0.11    0.17    8.29 v _23659_/Y (sky130_fd_sc_hd__o31ai_1)
                                         _05848_ (net)
                  0.11    0.00    8.29 v _23681_/A2 (sky130_fd_sc_hd__a21oi_1)
     1    0.01    0.14    0.19    8.49 ^ _23681_/Y (sky130_fd_sc_hd__a21oi_1)
                                         _05868_ (net)
                  0.14    0.00    8.49 ^ _23682_/B (sky130_fd_sc_hd__xor2_1)
     1    0.00    0.14    0.18    8.66 ^ _23682_/X (sky130_fd_sc_hd__xor2_1)
                                         _05869_ (net)
                  0.14    0.00    8.66 ^ _23683_/B (sky130_fd_sc_hd__nor2_1)
     1    0.00    0.10    0.06    8.72 v _23683_/Y (sky130_fd_sc_hd__nor2_1)
                                         _04908_ (net)
                  0.10    0.00    8.72 v C01[15]$_SDFF_PP0_/D (sky130_fd_sc_hd__dfxtp_1)
                                  8.72   data arrival time

                         10.00   10.00   clock clk (rise edge)
                          0.00   10.00   clock source latency
     1    0.13    0.00    0.00   10.00 ^ clk (in)
                                         clk (net)
                  0.01    0.00   10.00 ^ clkbuf_0_clk/A (sky130_fd_sc_hd__clkbuf_16)
     4    0.20    0.21    0.24   10.24 ^ clkbuf_0_clk/X (sky130_fd_sc_hd__clkbuf_16)
                                         clknet_0_clk (net)
                  0.21    0.00   10.25 ^ clkbuf_2_3_0_clk/A (sky130_fd_sc_hd__clkbuf_16)
    11    0.28    0.29    0.36   10.61 ^ clkbuf_2_3_0_clk/X (sky130_fd_sc_hd__clkbuf_16)
                                         clknet_2_3_0_clk (net)
                  0.29    0.01   10.62 ^ clkbuf_leaf_17_clk/A (sky130_fd_sc_hd__clkbuf_16)
    12    0.04    0.06    0.22   10.83 ^ clkbuf_leaf_17_clk/X (sky130_fd_sc_hd__clkbuf_16)
                                         clknet_leaf_17_clk (net)
                  0.06    0.00   10.83 ^ C01[15]$_SDFF_PP0_/CLK (sky130_fd_sc_hd__dfxtp_1)
                          0.00   10.83   clock reconvergence pessimism
                         -0.13   10.70   library setup time
                                 10.70   data required time
-----------------------------------------------------------------------------
                                 10.70   data required time
                                 -8.72   data arrival time
-----------------------------------------------------------------------------
                                  1.98   slack (MET)



==========================================================================
cts final report_check_types -max_slew -max_cap -max_fanout -violators
--------------------------------------------------------------------------

==========================================================================
cts final max_slew_check_slack
--------------------------------------------------------------------------
0.478592187166214

==========================================================================
cts final max_slew_check_limit
--------------------------------------------------------------------------
1.4953149557113647

==========================================================================
cts final max_slew_check_slack_limit
--------------------------------------------------------------------------
0.3201

==========================================================================
cts final max_fanout_check_slack
--------------------------------------------------------------------------
1.0000000150474662e+30

==========================================================================
cts final max_fanout_check_limit
--------------------------------------------------------------------------
1.0000000150474662e+30

==========================================================================
cts final max_capacitance_check_slack
--------------------------------------------------------------------------
0.014842995442450047

==========================================================================
cts final max_capacitance_check_limit
--------------------------------------------------------------------------
0.021067000925540924

==========================================================================
cts final max_capacitance_check_slack_limit
--------------------------------------------------------------------------
0.7046

==========================================================================
cts final max_slew_violation_count
--------------------------------------------------------------------------
max slew violation count 0

==========================================================================
cts final max_fanout_violation_count
--------------------------------------------------------------------------
max fanout violation count 0

==========================================================================
cts final max_cap_violation_count
--------------------------------------------------------------------------
max cap violation count 0

==========================================================================
cts final setup_violation_count
--------------------------------------------------------------------------
setup violation count 0

==========================================================================
cts final hold_violation_count
--------------------------------------------------------------------------
hold violation count 0

==========================================================================
cts final report_checks -path_delay max reg to reg
--------------------------------------------------------------------------
No paths found.

==========================================================================
cts final report_checks -path_delay min reg to reg
--------------------------------------------------------------------------
No paths found.

==========================================================================
cts final critical path target clock latency max path
--------------------------------------------------------------------------
0.8340

==========================================================================
cts final critical path target clock latency min path
--------------------------------------------------------------------------
0.8359

==========================================================================
cts final critical path source clock latency min path
--------------------------------------------------------------------------
0.0000

==========================================================================
cts final critical path delay
--------------------------------------------------------------------------
8.7167

==========================================================================
cts final critical path slack
--------------------------------------------------------------------------
1.9845

==========================================================================
cts final slack div critical path delay
--------------------------------------------------------------------------
22.766643

==========================================================================
cts final report_power
--------------------------------------------------------------------------
Group                  Internal  Switching    Leakage      Total
                          Power      Power      Power      Power (Watts)
----------------------------------------------------------------
Sequential             2.67e-03   2.78e-04   2.52e-09   2.94e-03   2.4%
Combinational          5.15e-02   6.88e-02   7.03e-08   1.20e-01  96.0%
Clock                  1.14e-03   9.05e-04   8.24e-10   2.04e-03   1.6%
Macro                  0.00e+00   0.00e+00   0.00e+00   0.00e+00   0.0%
Pad                    0.00e+00   0.00e+00   0.00e+00   0.00e+00   0.0%
----------------------------------------------------------------
Total                  5.53e-02   7.00e-02   7.36e-08   1.25e-01 100.0%
                          44.1%      55.9%       0.0%
