
==========================================================================
finish report_tns
--------------------------------------------------------------------------
tns max 0.00

==========================================================================
finish report_wns
--------------------------------------------------------------------------
wns max 0.00

==========================================================================
finish report_worst_slack
--------------------------------------------------------------------------
worst slack max 1.98

==========================================================================
finish report_clock_min_period
--------------------------------------------------------------------------
clk period_min = 8.02 fmax = 124.72

==========================================================================
finish report_clock_skew
--------------------------------------------------------------------------
Clock clk
No launch/capture paths found.


==========================================================================
finish report_checks -path_delay min
--------------------------------------------------------------------------
Startpoint: rst (input port clocked by clk)
Endpoint: C32[18]$_SDFF_PP0_ (rising edge-triggered flip-flop clocked by clk)
Path Group: clk
Path Type: min

Fanout     Cap    Slew   Delay    Time   Description
-----------------------------------------------------------------------------
                          0.00    0.00   clock clk (rise edge)
                          0.00    0.00   clock network delay (propagated)
                          1.00    1.00 v input external delay
     1    0.01    0.00    0.00    1.00 v rst (in)
                                         rst (net)
                  0.00    0.00    1.00 v input273/A (sky130_fd_sc_hd__buf_8)
    46    0.24    0.16    0.18    1.18 v input273/X (sky130_fd_sc_hd__buf_8)
                                         net272 (net)
                  0.17    0.02    1.20 v _23932_/A (sky130_fd_sc_hd__nor2_1)
     1    0.00    0.08    0.14    1.35 ^ _23932_/Y (sky130_fd_sc_hd__nor2_1)
                                         _04965_ (net)
                  0.08    0.00    1.35 ^ C32[18]$_SDFF_PP0_/D (sky130_fd_sc_hd__dfxtp_1)
                                  1.35   data arrival time

                          0.00    0.00   clock clk (rise edge)
                          0.00    0.00   clock source latency
     2    0.09    0.00    0.00    0.00 ^ clk (in)
                                         clk (net)
                  0.01    0.00    0.00 ^ clkbuf_0_clk/A (sky130_fd_sc_hd__clkbuf_16)
     4    0.16    0.17    0.21    0.22 ^ clkbuf_0_clk/X (sky130_fd_sc_hd__clkbuf_16)
                                         clknet_0_clk (net)
                  0.17    0.01    0.22 ^ clkbuf_2_1_0_clk/A (sky130_fd_sc_hd__clkbuf_16)
    12    0.24    0.24    0.32    0.54 ^ clkbuf_2_1_0_clk/X (sky130_fd_sc_hd__clkbuf_16)
                                         clknet_2_1_0_clk (net)
                  0.24    0.01    0.55 ^ clkbuf_leaf_39_clk/A (sky130_fd_sc_hd__clkbuf_16)
     6    0.03    0.05    0.20    0.75 ^ clkbuf_leaf_39_clk/X (sky130_fd_sc_hd__clkbuf_16)
                                         clknet_leaf_39_clk (net)
                  0.05    0.00    0.75 ^ C32[18]$_SDFF_PP0_/CLK (sky130_fd_sc_hd__dfxtp_1)
                          0.00    0.75   clock reconvergence pessimism
                         -0.04    0.71   library hold time
                                  0.71   data required time
-----------------------------------------------------------------------------
                                  0.71   data required time
                                 -1.35   data arrival time
-----------------------------------------------------------------------------
                                  0.64   slack (MET)



==========================================================================
finish report_checks -path_delay max
--------------------------------------------------------------------------
Startpoint: A01[5] (input port clocked by clk)
Endpoint: C01[15]$_SDFF_PP0_ (rising edge-triggered flip-flop clocked by clk)
Path Group: clk
Path Type: max

Fanout     Cap    Slew   Delay    Time   Description
-----------------------------------------------------------------------------
                          0.00    0.00   clock clk (rise edge)
                          0.00    0.00   clock network delay (propagated)
                          1.00    1.00 v input external delay
     1    0.03    0.00    0.00    1.00 v A01[5] (in)
                                         A01[5] (net)
                  0.00    0.00    1.00 v input30/A (sky130_fd_sc_hd__clkdlybuf4s50_1)
    16    0.10    0.71    0.92    1.92 v input30/X (sky130_fd_sc_hd__clkdlybuf4s50_1)
                                         net29 (net)
                  0.71    0.00    1.92 v place980/A (sky130_fd_sc_hd__buf_4)
     7    0.03    0.07    0.41    2.33 v place980/X (sky130_fd_sc_hd__buf_4)
                                         net979 (net)
                  0.07    0.00    2.33 v place979/A (sky130_fd_sc_hd__buf_4)
    12    0.05    0.08    0.19    2.52 v place979/X (sky130_fd_sc_hd__buf_4)
                                         net978 (net)
                  0.08    0.01    2.53 v _18139_/A (sky130_fd_sc_hd__and2_1)
     1    0.01    0.05    0.17    2.70 v _18139_/X (sky130_fd_sc_hd__and2_1)
                                         _00271_ (net)
                  0.05    0.00    2.70 v _24415_/A (sky130_fd_sc_hd__fa_1)
     1    0.01    0.10    0.50    3.20 v _24415_/SUM (sky130_fd_sc_hd__fa_1)
                                         _08212_ (net)
                  0.10    0.00    3.20 v _25492_/A (sky130_fd_sc_hd__fa_1)
     1    0.01    0.09    0.58    3.78 ^ _25492_/SUM (sky130_fd_sc_hd__fa_1)
                                         _11383_ (net)
                  0.09    0.00    3.78 ^ _26964_/B (sky130_fd_sc_hd__fa_1)
     1    0.01    0.09    0.44    4.22 v _26964_/SUM (sky130_fd_sc_hd__fa_1)
                                         _13423_ (net)
                  0.09    0.00    4.22 v _26215_/B (sky130_fd_sc_hd__fa_1)
     1    0.01    0.11    0.51    4.73 v _26215_/SUM (sky130_fd_sc_hd__fa_1)
                                         _13425_ (net)
                  0.11    0.00    4.74 v _26743_/B (sky130_fd_sc_hd__fa_1)
     1    0.01    0.12    0.58    5.31 ^ _26743_/SUM (sky130_fd_sc_hd__fa_1)
                                         _14764_ (net)
                  0.12    0.00    5.31 ^ _27517_/B (sky130_fd_sc_hd__fa_1)
     1    0.01    0.10    0.46    5.77 v _27517_/SUM (sky130_fd_sc_hd__fa_1)
                                         _16146_ (net)
                  0.10    0.00    5.77 v _27602_/B (sky130_fd_sc_hd__fa_1)
     1    0.01    0.10    0.56    6.33 ^ _27602_/SUM (sky130_fd_sc_hd__fa_1)
                                         _16228_ (net)
                  0.10    0.00    6.33 ^ _27595_/B (sky130_fd_sc_hd__fa_1)
     1    0.01    0.09    0.44    6.77 v _27595_/SUM (sky130_fd_sc_hd__fa_1)
                                         _16230_ (net)
                  0.09    0.00    6.77 v _28383_/A (sky130_fd_sc_hd__ha_1)
     4    0.01    0.10    0.37    7.14 v _28383_/SUM (sky130_fd_sc_hd__ha_1)
                                         _03456_ (net)
                  0.10    0.00    7.14 v _23649_/A1 (sky130_fd_sc_hd__a21oi_1)
     4    0.01    0.28    0.28    7.41 ^ _23649_/Y (sky130_fd_sc_hd__a21oi_1)
                                         _05838_ (net)
                  0.28    0.00    7.41 ^ _23651_/B1 (sky130_fd_sc_hd__o211ai_1)
     3    0.01    0.18    0.23    7.65 v _23651_/Y (sky130_fd_sc_hd__o211ai_1)
                                         _05840_ (net)
                  0.18    0.00    7.65 v _23653_/A1 (sky130_fd_sc_hd__a2111oi_2)
     2    0.01    0.34    0.39    8.04 ^ _23653_/Y (sky130_fd_sc_hd__a2111oi_2)
                                         _05842_ (net)
                  0.34    0.00    8.04 ^ _23659_/A1 (sky130_fd_sc_hd__o31ai_1)
     2    0.01    0.11    0.17    8.21 v _23659_/Y (sky130_fd_sc_hd__o31ai_1)
                                         _05848_ (net)
                  0.11    0.00    8.21 v _23681_/A2 (sky130_fd_sc_hd__a21oi_1)
     1    0.01    0.15    0.19    8.40 ^ _23681_/Y (sky130_fd_sc_hd__a21oi_1)
                                         _05868_ (net)
                  0.15    0.00    8.40 ^ _23682_/B (sky130_fd_sc_hd__xor2_1)
     1    0.00    0.14    0.17    8.58 ^ _23682_/X (sky130_fd_sc_hd__xor2_1)
                                         _05869_ (net)
                  0.14    0.00    8.58 ^ _23683_/B (sky130_fd_sc_hd__nor2_1)
     1    0.00    0.10    0.05    8.63 v _23683_/Y (sky130_fd_sc_hd__nor2_1)
                                         _04908_ (net)
                  0.10    0.00    8.63 v C01[15]$_SDFF_PP0_/D (sky130_fd_sc_hd__dfxtp_1)
                                  8.63   data arrival time

                         10.00   10.00   clock clk (rise edge)
                          0.00   10.00   clock source latency
     2    0.09    0.00    0.00   10.00 ^ clk (in)
                                         clk (net)
                  0.01    0.00   10.00 ^ clkbuf_0_clk/A (sky130_fd_sc_hd__clkbuf_16)
     4    0.16    0.17    0.21   10.22 ^ clkbuf_0_clk/X (sky130_fd_sc_hd__clkbuf_16)
                                         clknet_0_clk (net)
                  0.17    0.01   10.22 ^ clkbuf_2_3_0_clk/A (sky130_fd_sc_hd__clkbuf_16)
    11    0.23    0.23    0.31   10.54 ^ clkbuf_2_3_0_clk/X (sky130_fd_sc_hd__clkbuf_16)
                                         clknet_2_3_0_clk (net)
                  0.23    0.01   10.54 ^ clkbuf_leaf_17_clk/A (sky130_fd_sc_hd__clkbuf_16)
    12    0.04    0.06    0.20   10.74 ^ clkbuf_leaf_17_clk/X (sky130_fd_sc_hd__clkbuf_16)
                                         clknet_leaf_17_clk (net)
                  0.06    0.00   10.75 ^ C01[15]$_SDFF_PP0_/CLK (sky130_fd_sc_hd__dfxtp_1)
                          0.00   10.75   clock reconvergence pessimism
                         -0.13   10.61   library setup time
                                 10.61   data required time
-----------------------------------------------------------------------------
                                 10.61   data required time
                                 -8.63   data arrival time
-----------------------------------------------------------------------------
                                  1.98   slack (MET)



==========================================================================
finish report_checks -unconstrained
--------------------------------------------------------------------------
Startpoint: A01[5] (input port clocked by clk)
Endpoint: C01[15]$_SDFF_PP0_ (rising edge-triggered flip-flop clocked by clk)
Path Group: clk
Path Type: max

Fanout     Cap    Slew   Delay    Time   Description
-----------------------------------------------------------------------------
                          0.00    0.00   clock clk (rise edge)
                          0.00    0.00   clock network delay (propagated)
                          1.00    1.00 v input external delay
     1    0.03    0.00    0.00    1.00 v A01[5] (in)
                                         A01[5] (net)
                  0.00    0.00    1.00 v input30/A (sky130_fd_sc_hd__clkdlybuf4s50_1)
    16    0.10    0.71    0.92    1.92 v input30/X (sky130_fd_sc_hd__clkdlybuf4s50_1)
                                         net29 (net)
                  0.71    0.00    1.92 v place980/A (sky130_fd_sc_hd__buf_4)
     7    0.03    0.07    0.41    2.33 v place980/X (sky130_fd_sc_hd__buf_4)
                                         net979 (net)
                  0.07    0.00    2.33 v place979/A (sky130_fd_sc_hd__buf_4)
    12    0.05    0.08    0.19    2.52 v place979/X (sky130_fd_sc_hd__buf_4)
                                         net978 (net)
                  0.08    0.01    2.53 v _18139_/A (sky130_fd_sc_hd__and2_1)
     1    0.01    0.05    0.17    2.70 v _18139_/X (sky130_fd_sc_hd__and2_1)
                                         _00271_ (net)
                  0.05    0.00    2.70 v _24415_/A (sky130_fd_sc_hd__fa_1)
     1    0.01    0.10    0.50    3.20 v _24415_/SUM (sky130_fd_sc_hd__fa_1)
                                         _08212_ (net)
                  0.10    0.00    3.20 v _25492_/A (sky130_fd_sc_hd__fa_1)
     1    0.01    0.09    0.58    3.78 ^ _25492_/SUM (sky130_fd_sc_hd__fa_1)
                                         _11383_ (net)
                  0.09    0.00    3.78 ^ _26964_/B (sky130_fd_sc_hd__fa_1)
     1    0.01    0.09    0.44    4.22 v _26964_/SUM (sky130_fd_sc_hd__fa_1)
                                         _13423_ (net)
                  0.09    0.00    4.22 v _26215_/B (sky130_fd_sc_hd__fa_1)
     1    0.01    0.11    0.51    4.73 v _26215_/SUM (sky130_fd_sc_hd__fa_1)
                                         _13425_ (net)
                  0.11    0.00    4.74 v _26743_/B (sky130_fd_sc_hd__fa_1)
     1    0.01    0.12    0.58    5.31 ^ _26743_/SUM (sky130_fd_sc_hd__fa_1)
                                         _14764_ (net)
                  0.12    0.00    5.31 ^ _27517_/B (sky130_fd_sc_hd__fa_1)
     1    0.01    0.10    0.46    5.77 v _27517_/SUM (sky130_fd_sc_hd__fa_1)
                                         _16146_ (net)
                  0.10    0.00    5.77 v _27602_/B (sky130_fd_sc_hd__fa_1)
     1    0.01    0.10    0.56    6.33 ^ _27602_/SUM (sky130_fd_sc_hd__fa_1)
                                         _16228_ (net)
                  0.10    0.00    6.33 ^ _27595_/B (sky130_fd_sc_hd__fa_1)
     1    0.01    0.09    0.44    6.77 v _27595_/SUM (sky130_fd_sc_hd__fa_1)
                                         _16230_ (net)
                  0.09    0.00    6.77 v _28383_/A (sky130_fd_sc_hd__ha_1)
     4    0.01    0.10    0.37    7.14 v _28383_/SUM (sky130_fd_sc_hd__ha_1)
                                         _03456_ (net)
                  0.10    0.00    7.14 v _23649_/A1 (sky130_fd_sc_hd__a21oi_1)
     4    0.01    0.28    0.28    7.41 ^ _23649_/Y (sky130_fd_sc_hd__a21oi_1)
                                         _05838_ (net)
                  0.28    0.00    7.41 ^ _23651_/B1 (sky130_fd_sc_hd__o211ai_1)
     3    0.01    0.18    0.23    7.65 v _23651_/Y (sky130_fd_sc_hd__o211ai_1)
                                         _05840_ (net)
                  0.18    0.00    7.65 v _23653_/A1 (sky130_fd_sc_hd__a2111oi_2)
     2    0.01    0.34    0.39    8.04 ^ _23653_/Y (sky130_fd_sc_hd__a2111oi_2)
                                         _05842_ (net)
                  0.34    0.00    8.04 ^ _23659_/A1 (sky130_fd_sc_hd__o31ai_1)
     2    0.01    0.11    0.17    8.21 v _23659_/Y (sky130_fd_sc_hd__o31ai_1)
                                         _05848_ (net)
                  0.11    0.00    8.21 v _23681_/A2 (sky130_fd_sc_hd__a21oi_1)
     1    0.01    0.15    0.19    8.40 ^ _23681_/Y (sky130_fd_sc_hd__a21oi_1)
                                         _05868_ (net)
                  0.15    0.00    8.40 ^ _23682_/B (sky130_fd_sc_hd__xor2_1)
     1    0.00    0.14    0.17    8.58 ^ _23682_/X (sky130_fd_sc_hd__xor2_1)
                                         _05869_ (net)
                  0.14    0.00    8.58 ^ _23683_/B (sky130_fd_sc_hd__nor2_1)
     1    0.00    0.10    0.05    8.63 v _23683_/Y (sky130_fd_sc_hd__nor2_1)
                                         _04908_ (net)
                  0.10    0.00    8.63 v C01[15]$_SDFF_PP0_/D (sky130_fd_sc_hd__dfxtp_1)
                                  8.63   data arrival time

                         10.00   10.00   clock clk (rise edge)
                          0.00   10.00   clock source latency
     2    0.09    0.00    0.00   10.00 ^ clk (in)
                                         clk (net)
                  0.01    0.00   10.00 ^ clkbuf_0_clk/A (sky130_fd_sc_hd__clkbuf_16)
     4    0.16    0.17    0.21   10.22 ^ clkbuf_0_clk/X (sky130_fd_sc_hd__clkbuf_16)
                                         clknet_0_clk (net)
                  0.17    0.01   10.22 ^ clkbuf_2_3_0_clk/A (sky130_fd_sc_hd__clkbuf_16)
    11    0.23    0.23    0.31   10.54 ^ clkbuf_2_3_0_clk/X (sky130_fd_sc_hd__clkbuf_16)
                                         clknet_2_3_0_clk (net)
                  0.23    0.01   10.54 ^ clkbuf_leaf_17_clk/A (sky130_fd_sc_hd__clkbuf_16)
    12    0.04    0.06    0.20   10.74 ^ clkbuf_leaf_17_clk/X (sky130_fd_sc_hd__clkbuf_16)
                                         clknet_leaf_17_clk (net)
                  0.06    0.00   10.75 ^ C01[15]$_SDFF_PP0_/CLK (sky130_fd_sc_hd__dfxtp_1)
                          0.00   10.75   clock reconvergence pessimism
                         -0.13   10.61   library setup time
                                 10.61   data required time
-----------------------------------------------------------------------------
                                 10.61   data required time
                                 -8.63   data arrival time
-----------------------------------------------------------------------------
                                  1.98   slack (MET)



==========================================================================
finish report_check_types -max_slew -max_cap -max_fanout -violators
--------------------------------------------------------------------------

==========================================================================
finish max_slew_check_slack
--------------------------------------------------------------------------
0.32499581575393677

==========================================================================
finish max_slew_check_limit
--------------------------------------------------------------------------
1.49691903591156

==========================================================================
finish max_slew_check_slack_limit
--------------------------------------------------------------------------
0.2171

==========================================================================
finish max_fanout_check_slack
--------------------------------------------------------------------------
1.0000000150474662e+30

==========================================================================
finish max_fanout_check_limit
--------------------------------------------------------------------------
1.0000000150474662e+30

==========================================================================
finish max_capacitance_check_slack
--------------------------------------------------------------------------
0.014185329899191856

==========================================================================
finish max_capacitance_check_limit
--------------------------------------------------------------------------
0.021067000925540924

==========================================================================
finish max_capacitance_check_slack_limit
--------------------------------------------------------------------------
0.6733

==========================================================================
finish max_slew_violation_count
--------------------------------------------------------------------------
max slew violation count 0

==========================================================================
finish max_fanout_violation_count
--------------------------------------------------------------------------
max fanout violation count 0

==========================================================================
finish max_cap_violation_count
--------------------------------------------------------------------------
max cap violation count 0

==========================================================================
finish setup_violation_count
--------------------------------------------------------------------------
setup violation count 0

==========================================================================
finish hold_violation_count
--------------------------------------------------------------------------
hold violation count 0

==========================================================================
finish report_checks -path_delay max reg to reg
--------------------------------------------------------------------------
No paths found.

==========================================================================
finish report_checks -path_delay min reg to reg
--------------------------------------------------------------------------
No paths found.

==========================================================================
finish critical path target clock latency max path
--------------------------------------------------------------------------
0.7453

==========================================================================
finish critical path target clock latency min path
--------------------------------------------------------------------------
0.7458

==========================================================================
finish critical path source clock latency min path
--------------------------------------------------------------------------
0.0000

==========================================================================
finish critical path delay
--------------------------------------------------------------------------
8.6311

==========================================================================
finish critical path slack
--------------------------------------------------------------------------
1.9822

==========================================================================
finish slack div critical path delay
--------------------------------------------------------------------------
22.965787

==========================================================================
finish report_power
--------------------------------------------------------------------------
Group                  Internal  Switching    Leakage      Total
                          Power      Power      Power      Power (Watts)
----------------------------------------------------------------
Sequential             2.66e-03   2.69e-04   2.52e-09   2.93e-03   2.4%
Combinational          5.09e-02   6.77e-02   7.03e-08   1.19e-01  96.1%
Clock                  1.14e-03   7.99e-04   8.25e-10   1.94e-03   1.6%
Macro                  0.00e+00   0.00e+00   0.00e+00   0.00e+00   0.0%
Pad                    0.00e+00   0.00e+00   0.00e+00   0.00e+00   0.0%
----------------------------------------------------------------
Total                  5.47e-02   6.88e-02   7.36e-08   1.24e-01 100.0%
                          44.3%      55.7%       0.0%
